ERROR - failed loading configuration file conf.js
